  Γû▓ Next.js 14.2.5

   Creating an optimized production build ...
node.exe : (node:43584) 
Warning: To load an ES 
module, set "type": "module" 
in the package.json or use 
the .mjs extension.
At C:\Program 
Files\nodejs\npx.ps1:29 
char:3
+   & $NODE_EXE $NPX_CLI_JS 
$args
+   
~~~~~~~~~~~~~~~~~~~~~~~~~~~~~
    + CategoryInfo           
   : NotSpecified: ((node:4  
  3584) Wa....mjs extensio   
 n.:String) [], RemoteExc    
eption
    + FullyQualifiedErrorId  
   : NativeCommandError
 
(Use `node --trace-warnings 
...` to show where the 
warning was created)
 Γ£ô Compiled successfully
   Linting and checking validity of types ...
   Collecting page data ...
   Generating static pages (0/16) ...
History API error: q 
[Error]: Dynamic server 
usage: Route /api/history 
couldn't be rendered 
statically because it used 
`request.headers`. See more 
info here: https://nextjs.org
/docs/messages/dynamic-server
-error
    at W (A:\Downloads\dr.ora
nge\frontend\node_modules\nex
t\dist\compiled\next-server\a
pp-route.runtime.prod.js:6:21
106)
    at Object.get (A:\Downloa
ds\dr.orange\frontend\node_mo
dules\next\dist\compiled\next
-server\app-route.runtime.pro
d.js:6:28459)
    at u (A:\Downloads\dr.ora
nge\frontend\.next\server\app
\api\history\route.js:1:522)
    at A:\Downloads\dr.orange
\frontend\node_modules\next\d
ist\compiled\next-server\app-
route.runtime.prod.js:6:36264
    at A:\Downloads\dr.orange
\frontend\node_modules\next\d
ist\server\lib\trace\tracer.j
s:140:36
    at 
NoopContextManager.with (A:\D
ownloads\dr.orange\frontend\n
ode_modules\next\dist\compile
d\@opentelemetry\api\index.js
:1:7062)
    at ContextAPI.with (A:\Do
wnloads\dr.orange\frontend\no
de_modules\next\dist\compiled
\@opentelemetry\api\index.js:
1:518)
    at 
NoopTracer.startActiveSpan (A
:\Downloads\dr.orange\fronten
d\node_modules\next\dist\comp
iled\@opentelemetry\api\index
.js:1:18093)
    at 
ProxyTracer.startActiveSpan (
A:\Downloads\dr.orange\fronte
nd\node_modules\next\dist\com
piled\@opentelemetry\api\inde
x.js:1:18854)
    at A:\Downloads\dr.orange
\frontend\node_modules\next\d
ist\server\lib\trace\tracer.j
s:122:103 {
  description: "Route 
/api/history couldn't be 
rendered statically because 
it used `request.headers`. 
See more info here: https://n
extjs.org/docs/messages/dynam
ic-server-error",
  digest: 
'DYNAMIC_SERVER_USAGE'
}
   Generating static pages (4/16) 
   Generating static pages (8/16) 
   Generating static pages (12/16) 
 Γ£ô Generating static pages (16/16)
   Finalizing page optimization ...
   Collecting build traces ...

Route (app)                              Size     First Load JS
Γöî Γùï /                                    6.27 kB         136 kB
Γö£ Γùï /_not-found                          875 B          88.3 kB
Γö£ Γùï /about                               2.89 kB         133 kB
Γö£ Γùï /analyze                             138 kB          282 kB
Γö£ ╞Æ /api/auth/login                      0 B                0 B
Γö£ ╞Æ /api/auth/signup                     0 B                0 B
Γö£ ╞Æ /api/chat                            0 B                0 B
Γö£ ╞Æ /api/history                         0 B                0 B
Γö£ ╞Æ /api/predict                         0 B                0 B
Γö£ ╞Æ /api/report                          0 B                0 B
Γö£ Γùï /chat                                5.72 kB         150 kB
Γö£ Γùï /dashboard                           110 kB          234 kB
Γö£ Γùï /login                               2.89 kB         154 kB
Γöö Γùï /signup                              2.97 kB         155 kB
+ First Load JS shared by all            87.5 kB
  Γö£ chunks/23-69c86b0942e3ad73.js        31.7 kB
  Γö£ chunks/fd9d1056-b77796a653f0ee34.js  53.6 kB
  Γöö other shared chunks (total)          2.14 kB


Γùï  (Static)   prerendered as static content
╞Æ  (Dynamic)  server-rendered on demand

